// Jest Snapshot v1, https://goo.gl/fbAQLP

exports[`<Funds /> renders 1`] = `
<div
  className="funds"
  data-test-id="funds"
>
  <strong>
    Funds:
  </strong>
   
  <span
    className="funds__currency"
  >
    Â£
  </span>
  <span
    className="funds__amount"
  >
    100.00
  </span>
</div>
`;
