// Jest Snapshot v1, https://goo.gl/fbAQLP

exports[`<PurchasableResource /> renders ok 1`] = `ShallowWrapper {}`;
